../Core/Src/main.c:60:6:delay_ms	3
../Core/Src/main.c:65:6:sendChar	2
../Core/Src/main.c:69:6:sendStr	2
../Core/Src/main.c:81:6:sendHex	1
../Core/Src/main.c:87:6:mpu_probe	6
../Core/Src/main.c:122:6:i2c_start	2
../Core/Src/main.c:128:9:i2c_addr	4
../Core/Src/main.c:150:6:i2c_write	3
../Core/Src/main.c:156:6:i2c_stop	1
../Core/Src/main.c:160:9:mpu_read_reg	4
../Core/Src/main.c:182:6:mpu_write_reg	2
../Core/Src/main.c:202:5:main	1
../Core/Src/main.c:308:6:SystemClock_Config	3
../Core/Src/main.c:355:13:MX_USART2_UART_Init	2
../Core/Src/main.c:388:13:MX_GPIO_Init	1
../Core/Src/main.c:430:6:Error_Handler	1
