../Core/Src/main.c:60:6:delay_ms	24	static
../Core/Src/main.c:65:6:sendChar	16	static
../Core/Src/main.c:69:6:sendStr	16	static
../Core/Src/main.c:78:6:sendHex	48	static
../Core/Src/main.c:84:6:mpu_probe	16	static
../Core/Src/main.c:119:6:i2c_start	4	static
../Core/Src/main.c:125:6:i2c_addr	16	static
../Core/Src/main.c:133:6:i2c_write	16	static
../Core/Src/main.c:139:6:i2c_stop	4	static
../Core/Src/main.c:143:9:mpu_read_reg	24	static
../Core/Src/main.c:176:5:main	8	static
../Core/Src/main.c:264:6:SystemClock_Config	88	static
../Core/Src/main.c:311:13:MX_USART2_UART_Init	8	static
../Core/Src/main.c:344:13:MX_GPIO_Init	48	static
../Core/Src/main.c:386:6:Error_Handler	4	static,ignoring_inline_asm
