../Core/Src/main.c:60:6:delay_ms	3
../Core/Src/main.c:65:6:sendChar	2
../Core/Src/main.c:69:6:sendStr	2
../Core/Src/main.c:78:6:sendHex	1
../Core/Src/main.c:84:6:mpu_probe	6
../Core/Src/main.c:119:6:i2c_start	2
../Core/Src/main.c:125:6:i2c_addr	2
../Core/Src/main.c:133:6:i2c_write	3
../Core/Src/main.c:139:6:i2c_stop	1
../Core/Src/main.c:143:9:mpu_read_reg	3
../Core/Src/main.c:176:5:main	1
../Core/Src/main.c:264:6:SystemClock_Config	3
../Core/Src/main.c:311:13:MX_USART2_UART_Init	2
../Core/Src/main.c:344:13:MX_GPIO_Init	1
../Core/Src/main.c:386:6:Error_Handler	1
