../Core/Src/main.c:60:6:delay_ms	24	static
../Core/Src/main.c:65:6:sendChar	16	static
../Core/Src/main.c:69:6:sendStr	16	static
../Core/Src/main.c:81:6:sendHex	48	static
../Core/Src/main.c:87:6:mpu_probe	16	static
../Core/Src/main.c:122:6:i2c_start	4	static
../Core/Src/main.c:128:9:i2c_addr	24	static
../Core/Src/main.c:150:6:i2c_write	16	static
../Core/Src/main.c:156:6:i2c_stop	4	static
../Core/Src/main.c:160:9:mpu_read_reg	24	static
../Core/Src/main.c:182:6:mpu_write_reg	16	static
../Core/Src/main.c:202:5:main	16	static
../Core/Src/main.c:308:6:SystemClock_Config	88	static
../Core/Src/main.c:355:13:MX_USART2_UART_Init	8	static
../Core/Src/main.c:388:13:MX_GPIO_Init	48	static
../Core/Src/main.c:430:6:Error_Handler	4	static,ignoring_inline_asm
